#./src/main/resources/Entities.map
#Tue May 21 13:15:52 CEST 2019
suspiciousBoxSocialWorker3=981
suspiciousBoxSocialWorker2=976
suspiciousBoxSocialWorker1=966
outBoxPrisoner4=1003
outBoxPrisoner3=997
outBoxWarden2=895
outBoxPrisoner2=991
outBoxWarden1=890
outBoxPrisoner1=985
outBoxSocialWorker3=979
outBoxSocialWorker2=974
outBoxSocialWorker1=964
personalRecord2=969
finderPrisoner4=1001
inBoxWarden2=894
personalRecord1=959
finderPrisoner3=995
inBoxWarden1=889
finderPrisoner2=989
finderPrisoner1=983
salesMan3=952
salesMan2=947
salesMan1=942
finderVisitor4=937
finderVisitor3=931
finderVisitor2=925
finderVisitor1=919
trashBoxWarden2=896
trashBoxWarden1=891
type4=1044
suspicious=1025
type3=1043
type2=1042
type1=1041
trashBoxSalesMan4=1039
trashBoxSalesMan3=955
trashBoxSalesMan2=950
trashBoxSalesMan1=945
suspiciousBoxWarden2=897
suspiciousBoxWarden1=892
inBoxGuard4=914
userAccount20=883
inBoxGuard3=909
inBoxGuard2=904
inBoxGuard1=899
activity4=1029
activity3=1028
activity2=1027
terrorism=1023
activity1=1026
guard4=913
guard3=908
outBoxSalesMan4=1038
guard2=903
outBoxSalesMan3=954
guard1=898
outBoxSalesMan2=949
outBoxSalesMan1=944
userAccount19=887
userAccount18=886
userAccount17=885
userAccount16=884
userAccount15=882
userAccount14=881
userAccount13=880
userAccount12=879
userAccount11=878
userAccount10=877
SocialWorker3=977
SocialWorker2=967
outBoxVisitor4=939
SocialWorker1=957
outBoxVisitor3=933
report2=1016
outBoxVisitor2=927
report1=1007
outBoxVisitor1=921
warden2=893
warden1=888
aggression=1020
murder=1018
suspiciousBoxPrisoner4=1005
suspiciousBoxPrisoner3=999
suspiciousBoxPrisoner2=993
visitor4=936
suspiciousBoxPrisoner1=987
assault=1019
visitor3=930
visitor2=924
visitor1=918
educationRecord2=970
educationRecord1=960
suspiciousBoxGuard4=917
suspiciousBoxGuard3=912
suspiciousBoxGuard2=907
kidnapping=1021
suspiciousBoxGuard1=902
trashBoxGuard4=916
trashBoxGuard3=911
trashBoxGuard2=906
trashBoxGuard1=901
visit10=1017
trashBoxSocialWorker3=980
trashBoxSocialWorker2=975
trashBoxSocialWorker1=965
inBoxVisitor4=938
inBoxVisitor3=932
inBoxVisitor2=926
inBoxVisitor1=920
professionalRecord2=972
professionalRecord1=962
inBoxPrisoner4=1002
inBoxPrisoner3=996
inBoxPrisoner2=990
inBoxPrisoner1=984
visit9=1015
visit8=1014
visit7=1013
visit6=1012
visit5=1011
visit4=1010
visit3=1009
visit2=1008
visit1=1006
curriculum2=968
suspiciousBoxSalesMan4=1040
curriculum1=958
suspiciousBoxSalesMan3=956
suspiciousBoxSalesMan2=951
prisoner4=1000
suspiciousBoxSalesMan1=946
prisoner3=994
prisoner2=988
prisoner1=982
configuration=867
fraud=1024
outBoxGuard4=915
userAccount9=876
outBoxGuard3=910
userAccount8=875
outBoxGuard2=905
userAccount7=874
outBoxGuard1=900
userAccount6=873
userAccount5=872
userAccount4=871
userAccount3=870
miscellaneousRecord2=971
userAccount2=869
miscellaneousRecord1=961
userAccount1=868
trashBoxPrisoner4=1004
trashBoxPrisoner3=998
trashBoxPrisoner2=992
trashBoxPrisoner1=986
suspiciousBoxVisitor4=941
suspiciousBoxVisitor3=935
suspiciousBoxVisitor2=929
suspiciousBoxVisitor1=923
inBoxSalesMan4=1037
inBoxSalesMan3=953
product4=1048
inBoxSalesMan2=948
product3=1047
inBoxSalesMan1=943
product2=1046
product1=1045
trashBoxVisitor4=940
request7=1036
trashBoxVisitor3=934
request6=1035
trashBoxVisitor2=928
request5=1034
trashBoxVisitor1=922
request4=1033
request3=1032
request2=1031
inBoxSocialWorker3=978
request1=1030
rape=1022
inBoxSocialWorker2=973
inBoxSocialWorker1=963
